[21:01:55] [main/INFO]: Loading Minecraft 1.21.1 with Fabric Loader 0.18.2
[21:01:55] [ForkJoinPool-1-worker-3/WARN]: The mod "accessories_compat_layer" contains invalid entries in its mod json:
- Unsupported root entry "#COMMENT_breaks" at line 53 column 20
[21:01:55] [ForkJoinPool-1-worker-1/WARN]: Mod com_github_rtyley_animated-gif-lib-for-java uses the version animated-gif-lib-1.7 which isn't compatible with Loader's extended semantic version format (Could not parse version number component 'animated'!), SemVer is recommended for reliably evaluating dependencies and prioritizing newer version
[21:01:56] [main/INFO]: Loading 203 mods:
	- accessories 1.1.0-beta.52+1.21.1
	- accessories_compat_layer 0.1.10
	   \-- mixinsquared 0.3.4
	- advancementdisable 1.0.0
	- architectury 13.0.8
	- athena 4.0.2
	- badgebox 1.1.1
	- balm 21.0.55
	   \-- kuma_api 21.0.7
	- beautify 1.3.0+1.21.1
	- biome_replacer 2.1-hippo
	- capture_xp 1.7.1-fabric-1.3.0
	- carved_wood 1.7.7
	   \-- cardinal-components-block 6.1.0
	- cloth-config 15.0.140
	   \-- cloth-basic-math 0.6.1
	- cobblecuisine 2.0.1
	- cobbledollars 2.0.0+Beta-5.1+1.21.1
	- cobblefurnies 0.6.3
	- cobblemon 1.7.1+1.21.1
	- cobblemon-additions 3.9.4
	- cobblenav 2.2.5
	- cobbleversebadges 1.3
	- cobbreeding 2.1.1
	- comforts 9.0.4+1.21.1
	   |-- cardinal-components-base 6.1.2
	   |-- cardinal-components-entity 6.1.2
	   \-- spectrelib 0.17.2+1.21
	        |-- com_electronwill_night-config_core 3.8.0
	        \-- com_electronwill_night-config_toml 3.8.0
	- cozyhome 1.1.20
	- debugify 1.21.1+1.0
	- defaultoptions 21.1.5
	- entityculling 1.9.3
	   |-- transition 1.0.8
	   \-- trender 1.0.8
	- fabric-api 0.116.7+1.21.1
	   |-- fabric-api-base 0.4.42+6573ed8c19
	   |-- fabric-api-lookup-api-v1 1.6.71+b559734419
	   |-- fabric-biome-api-v1 13.0.31+d527f9fd19
	   |-- fabric-block-api-v1 1.1.0+0bc3503219
	   |-- fabric-block-view-api-v2 1.0.11+ebb2264e19
	   |-- fabric-blockrenderlayer-v1 1.1.52+0af3f5a719
	   |-- fabric-client-tags-api-v1 1.1.15+6573ed8c19
	   |-- fabric-command-api-v1 1.2.49+f71b366f19
	   |-- fabric-command-api-v2 2.2.28+6ced4dd919
	   |-- fabric-commands-v0 0.2.66+df3654b319
	   |-- fabric-content-registries-v0 8.0.19+b559734419
	   |-- fabric-convention-tags-v1 2.1.5+7f945d5b19
	   |-- fabric-convention-tags-v2 2.11.1+a406e79519
	   |-- fabric-crash-report-info-v1 0.2.29+0af3f5a719
	   |-- fabric-data-attachment-api-v1 1.4.5+6116a37819
	   |-- fabric-data-generation-api-v1 20.2.34+37516cd619
	   |-- fabric-dimensions-v1 4.0.1+65213ef819
	   |-- fabric-entity-events-v1 1.8.0+2b27e0a419
	   |-- fabric-events-interaction-v0 0.7.13+ba9dae0619
	   |-- fabric-game-rule-api-v1 1.0.53+6ced4dd919
	   |-- fabric-item-api-v1 11.2.0+3b3cb2e819
	   |-- fabric-item-group-api-v1 4.1.7+def88e3a19
	   |-- fabric-key-binding-api-v1 1.0.47+0af3f5a719
	   |-- fabric-keybindings-v0 0.2.45+df3654b319
	   |-- fabric-lifecycle-events-v1 2.6.0+0865547519
	   |-- fabric-loot-api-v2 3.0.15+3f89f5a519
	   |-- fabric-loot-api-v3 1.0.3+3f89f5a519
	   |-- fabric-message-api-v1 6.0.14+8aaf3aca19
	   |-- fabric-model-loading-api-v1 2.1.0+b4d813fc19
	   |-- fabric-networking-api-v1 4.3.0+c7469b2119
	   |-- fabric-object-builder-api-v1 15.2.1+40875a9319
	   |-- fabric-particles-v1 4.0.2+6573ed8c19
	   |-- fabric-recipe-api-v1 5.0.15+2475392c19
	   |-- fabric-registry-sync-v0 5.3.1+e3eddc2119
	   |-- fabric-renderer-api-v1 3.4.1+b4d813fc19
	   |-- fabric-renderer-indigo 1.7.1+c705a49c19
	   |-- fabric-renderer-registries-v1 3.2.69+df3654b319
	   |-- fabric-rendering-data-attachment-v1 0.3.49+73761d2e19
	   |-- fabric-rendering-fluids-v1 3.1.6+1daea21519
	   |-- fabric-rendering-v0 1.1.72+df3654b319
	   |-- fabric-rendering-v1 5.1.0+ab4c25a019
	   |-- fabric-resource-conditions-api-v1 4.3.0+8dc279b119
	   |-- fabric-resource-loader-v0 1.3.1+5b5275af19
	   |-- fabric-screen-api-v1 2.0.25+8b68f1c719
	   |-- fabric-screen-handler-api-v1 1.3.90+b559734419
	   |-- fabric-sound-api-v1 1.0.23+6573ed8c19
	   |-- fabric-transfer-api-v1 5.4.3+c24bd99419
	   \-- fabric-transitive-access-wideners-v1 6.2.0+45b9699719
	- fabric-language-kotlin 1.13.7+kotlin.2.2.21
	   |-- org_jetbrains_kotlin_kotlin-reflect 2.2.21
	   |-- org_jetbrains_kotlin_kotlin-stdlib 2.2.21
	   |-- org_jetbrains_kotlin_kotlin-stdlib-jdk7 2.2.21
	   |-- org_jetbrains_kotlin_kotlin-stdlib-jdk8 2.2.21
	   |-- org_jetbrains_kotlinx_atomicfu-jvm 0.29.0
	   |-- org_jetbrains_kotlinx_kotlinx-coroutines-core-jvm 1.10.2
	   |-- org_jetbrains_kotlinx_kotlinx-coroutines-jdk8 1.10.2
	   |-- org_jetbrains_kotlinx_kotlinx-datetime-jvm 0.7.1
	   |-- org_jetbrains_kotlinx_kotlinx-io-bytestring-jvm 0.8.0
	   |-- org_jetbrains_kotlinx_kotlinx-io-core-jvm 0.8.0
	   |-- org_jetbrains_kotlinx_kotlinx-serialization-cbor-jvm 1.9.0
	   |-- org_jetbrains_kotlinx_kotlinx-serialization-core-jvm 1.9.0
	   \-- org_jetbrains_kotlinx_kotlinx-serialization-json-jvm 1.9.0
	- fabricloader 0.18.2
	   \-- mixinextras 0.5.0
	- fancymenu 3.8.1
	   |-- com_github_keksuccino_japng 0.5.3
	   \-- com_github_rtyley_animated-gif-lib-for-java animated-gif-lib-1.7
	- ferritecore 7.0.2-hotfix
	- forgeconfigapiport 21.1.6
	   |-- com_electronwill_night-config_core 3.8.0
	   \-- com_electronwill_night-config_toml 3.8.0
	- forgivingvoid 21.1.5
	- geckolib 4.8.2
	- globalpacks 21.0.6
	   |-- com_electronwill_night-config_core 3.8.0
	   \-- com_electronwill_night-config_toml 3.8.0
	- handcrafted 4.0.3
	- highlight 3.0.0
	- hugestructureblocks 1.1.6
	- iceberg 1.3.2
	- interactic 0.2.3+1.21
	- java 21
	- konkrete 1.9.9
	- krypton 0.2.8
	   \-- com_velocitypowered_velocity-native 3.3.0-SNAPSHOT
	- lenientdeath 1.2.5+1.21.1
	   |-- fabric-permissions-api-v0 0.2-SNAPSHOT
	   |-- jackfredlib-base 1.4.0+1.21
	   |-- jackfredlib-colour 1.1.0+1.21
	   |-- jackfredlib-config 0.2.3+1.21
	   |    |-- blue_endless_jankson 1.2.3
	   |    |-- commons-io_commons-io 2.15.1
	   |    \-- jackfredlib-base 1.4.0+1.21
	   |-- jackfredlib-lying 0.5.5+1.21
	   \-- server_translations_api 2.3.1+1.21-pre2
	        \-- packet_tweaker 0.5.1+24w03b
	- libjf 3.17.3
	   |-- libjf-base 3.17.3
	   |-- libjf-config-commands 3.17.3
	   |-- libjf-config-core-v2 3.17.3
	   |-- libjf-config-network-v0 3.17.3
	   |-- libjf-config-ui-tiny 3.17.3
	   |-- libjf-data-manipulation-v0 3.17.3
	   |-- libjf-data-v0 3.17.3
	   |-- libjf-mainhttp-v0 3.17.3
	   |-- libjf-resource-pack-entry-widgets-v0 3.17.3
	   |-- libjf-translate-v1 3.17.3
	   |-- libjf-unsafe-v0 3.17.3
	   \-- libjf-web-v1 3.17.3
	- lithium 0.15.1+mc1.21.1
	- lumymon 0.5.1-6
	- mega_showdown 1.4.2+1.7.1+1.21.1
	- melody 1.0.10
	- midnightlib 1.7.5
	- minecraft 1.21.1
	- moarconcrete 1.3.1
	- mobsbegone 0.0.7
	- modernfix 5.25.1+mc1.21.1
	- mr_cobblemon_journeymounts 1
	- nethermap 4.0.0-1.21.1
	- netherportalfix 21.1.3
	- noisium 2.3.0+mc1.21-1.21.1
	- notenoughanimations 1.10.6
	   \-- trender 1.0.8
	- notenoughcrashes 4.4.9+1.21.1
	- obc 1.3.0
	   \-- supermartijn642configlib 1.1.8
	- owo 0.12.15.4+1.21
	   |-- io_wispforest_endec 0.1.5.1
	   |-- io_wispforest_endec_gson 0.1.3.1
	   |-- io_wispforest_endec_jankson 0.1.3.1
	   \-- io_wispforest_endec_netty 0.1.2
	- packetfixer 3.3.1
	- pingwheel 1.12.0
	- playerxp 1.0.3+1.21.1
	- pokeblocks 1.4.0-1.21.1
	- rctapi 0.14.1-beta
	- rctmod 0.17.4-beta
	- repurposed_structures 7.5.17+1.21.1-fabric
	- resourcefullib 3.0.12
	   |-- com_teamresourceful_bytecodecs 1.1.2
	   \-- com_teamresourceful_yabn 1.0.3
	- respackopts 4.11.3
	   |-- io_gitlab_jfronny_muscript-all 2.0.0-SNAPSHOT
	   \-- io_gitlab_jfronny_muscript-json 2.0.0-SNAPSHOT
	- roughlyenoughitems 16.0.799
	   \-- error_notifier 1.0.11
	- safepastures 1.1.1+1.21.1
	- sophisticatedbackpacks 1.21.1-3.23.4.3.106
	- sophisticatedcore 1.21.1-1.2.9.20.164
	   |-- porting_lib_conditions 3.1.0-beta.47+1.21.1
	   |-- porting_lib_core 3.1.0-beta.47+1.21.1
	   |-- porting_lib_fluids 3.1.0-beta.47+1.21.1
	   |-- porting_lib_item_abilities 3.1.0-beta.47+1.21.1
	   |-- porting_lib_lazy_registration 3.1.0-beta.47+1.21.1
	   |-- porting_lib_level_events 3.1.0-beta.47+1.21.1
	   |-- porting_lib_loot 3.1.0-beta.47+1.21.1
	   |-- porting_lib_model_loader 3.1.0-beta.47+1.21.1
	   |-- porting_lib_render_types 3.1.0-beta.47+1.21.1
	   |-- porting_lib_transfer 3.1.0-beta.47+1.21.1
	   \-- team_reborn_energy 4.1.0
	- sophisticatedstorage 1.21.1-1.3.7.8.135
	- sound_physics_remastered 1.21.1-1.5.1
	- soundsbegone 1.3.5
	   \-- com_posthog_java_posthog 1.1.0
	- stackdeobfuscator 1.4.3+08e71cc
	   |-- net_fabricmc_mapping-io 0.6.1
	   \-- stackdeobfuscator-common 1.4.3+08e71cc
	- tim_core 1.7.1-fabric-1.26.1
	- tmcraft 1.4.17+1.7.1
	- trinkets 3.10.0
	- villagerconfig 4.4.11
	   \-- fiber 0.23.0-2
	- waystones 21.1.24
	- xaerominimap 25.2.10
	- xaeroworldmap 1.39.12
	- yet_another_config_lib_v3 3.8.0+1.21.1-fabric
	   |-- com_twelvemonkeys_common_common-image 3.12.0
	   |-- com_twelvemonkeys_common_common-io 3.12.0
	   |-- com_twelvemonkeys_common_common-lang 3.12.0
	   |-- com_twelvemonkeys_imageio_imageio-core 3.12.0
	   |-- com_twelvemonkeys_imageio_imageio-metadata 3.12.0
	   |-- com_twelvemonkeys_imageio_imageio-webp 3.12.0
	   |-- org_quiltmc_parsers_gson 0.2.1
	   \-- org_quiltmc_parsers_json 0.2.1
[21:02:04] [main/INFO]: SpongePowered MIXIN Subsystem Version=0.8.7 Source=file:/E:/cobbleverse/libraries/net/fabricmc/sponge-mixin/0.16.5+mixin.0.8.7/sponge-mixin-0.16.5+mixin.0.8.7.jar Service=Knot/Fabric Env=SERVER
[21:02:04] [main/INFO]: Compatibility level set to JAVA_17
[21:02:04] [main/INFO]: Compatibility level set to JAVA_21
[21:02:05] [main/WARN]: Reference map 'forgeconfigapiport.common.refmap.json' for forgeconfigapiport.common.mixins.json could not be read. If this is a development environment you can ignore this message
[21:02:05] [main/WARN]: Mod 'ferritecore' attempted to override option 'mixin.alloc.blockstate', which doesn't exist, ignoring
[21:02:05] [main/INFO]: Option 'mixin.entity.collisions.fluid' requires 'mixin.util.block_tracking=true' but found 'false'. Setting 'mixin.entity.collisions.fluid=false'.
[21:02:05] [main/INFO]: Option 'mixin.experimental.entity.block_caching.block_support' requires 'mixin.util.block_tracking=true' but found 'false'. Setting 'mixin.experimental.entity.block_caching.block_support=false'.
[21:02:05] [main/INFO]: Option 'mixin.experimental.entity.block_caching.fluid_pushing' requires 'mixin.util.block_tracking=true' but found 'false'. Setting 'mixin.experimental.entity.block_caching.fluid_pushing=false'.
[21:02:05] [main/INFO]: Option 'mixin.experimental.entity.block_caching.block_touching' requires 'mixin.util.block_tracking=true' but found 'false'. Setting 'mixin.experimental.entity.block_caching.block_touching=false'.
[21:02:05] [main/INFO]: Option 'mixin.experimental.entity.block_caching.suffocation' requires 'mixin.util.block_tracking=true' but found 'false'. Setting 'mixin.experimental.entity.block_caching.suffocation=false'.
[21:02:05] [main/INFO]: Option 'mixin.experimental.entity.block_caching' requires 'mixin.util.block_tracking=true' but found 'false'. Setting 'mixin.experimental.entity.block_caching=false'.
[21:02:05] [main/INFO]: Loaded configuration file for Lithium: 149 options available, 0 override(s) found
[21:02:05] [main/INFO]: Loaded configuration file for ModernFix 5.25.1+mc1.21.1: 65 options available, 0 override(s) found
[21:02:05] [main/INFO]: Applying Nashorn fix
[21:02:05] [main/INFO]: Packet Fixer forge 1.20.5-1.21.X has been applied successfully.
[21:02:06] [main/WARN]: Reference map 'supermartijn642configlib.mixins.refmap.json' for supermartijn642configlib.mixins.json could not be read. If this is a development environment you can ignore this message
[21:02:06] [main/WARN]: Reference map 'yet_another_config_lib_v3.refmap.json' for yacl.mixins.json could not be read. If this is a development environment you can ignore this message
[21:02:06] [main/WARN]: Reference map 'yet_another_config_lib_v3.refmap.json' for yacl-fabric.mixins.json could not be read. If this is a development environment you can ignore this message
[21:02:06] [main/WARN]: Error loading class: net/minecraft/class_906 (java.lang.ClassNotFoundException: net/minecraft/class_906)
[21:02:06] [main/WARN]: @Mixin target net.minecraft.class_906 was not found porting_lib_item_abilities.mixins.json:FishingHookRendererMixin from mod porting_lib_item_abilities
[21:02:06] [main/WARN]: Error loading class: net/minecraft/class_4224 (java.lang.ClassNotFoundException: net/minecraft/class_4224)
[21:02:06] [main/WARN]: @Mixin target net.minecraft.class_4224 was not found mixins.cobblemon-common.json:ChannelMixin from mod cobblemon
[21:02:06] [main/WARN]: Error loading class: juuxel/adorn/block/variant/BlockVariantSets (java.lang.ClassNotFoundException: juuxel/adorn/block/variant/BlockVariantSets)
[21:02:06] [main/WARN]: @Mixin target juuxel.adorn.block.variant.BlockVariantSets was not found mixins.cobblemon-common.json:invoker.AdornRegisterInvoker from mod cobblemon
[21:02:06] [main/WARN]: Error loading class: net/minecraft/class_1140 (java.lang.ClassNotFoundException: net/minecraft/class_1140)
[21:02:06] [main/WARN]: @Mixin target net.minecraft.class_1140 was not found mixins.cobblemon-fabric.json:FabricSoundEngineMixin from mod cobblemon
[21:02:06] [main/WARN]: Error loading class: com/electronwill/nightconfig/core/io/IoUtils (java.lang.ClassNotFoundException: com/electronwill/nightconfig/core/io/IoUtils)
[21:02:07] [main/WARN]: Error loading class: net/minecraft/class_287 (java.lang.ClassNotFoundException: net/minecraft/class_287)
[21:02:07] [main/WARN]: @Mixin target net.minecraft.class_287 was not found owo.mixins.json:BufferBuilderAccessor from mod owo
[21:02:07] [main/WARN]: Error loading class: net/minecraft/class_437 (java.lang.ClassNotFoundException: net/minecraft/class_437)
[21:02:07] [main/WARN]: @Mixin target net.minecraft.class_437 was not found owo.mixins.json:ScreenAccessor from mod owo
[21:02:07] [main/WARN]: Error loading class: net/minecraft/class_638 (java.lang.ClassNotFoundException: net/minecraft/class_638)
[21:02:07] [main/WARN]: @Mixin target net.minecraft.class_638 was not found porting_lib_level_events.mixins.json:client.ClientLevelMixin from mod porting_lib_level_events
[21:02:07] [main/WARN]: Error loading class: net/minecraft/class_918 (java.lang.ClassNotFoundException: net/minecraft/class_918)
[21:02:07] [main/WARN]: @Mixin target net.minecraft.class_918 was not found rctmod.mixins.json:client.ItemRendererMixin from mod rctmod
[21:02:07] [main/WARN]: Error loading class: net/minecraft/class_437 (java.lang.ClassNotFoundException: net/minecraft/class_437)
[21:02:07] [main/INFO]: Registering config for libjf-translate-v1
[21:02:07] [main/INFO]: Registering config for respackopts
[21:02:07] [main/INFO]: Initializing MixinExtras via com.llamalad7.mixinextras.service.MixinExtrasServiceImpl(version=0.5.0).
[21:02:13] [main/WARN]: Method overwrite conflict for method_21740 in modernfix-common.mixins.json:perf.remove_biome_temperature_cache.BiomeMixin from mod modernfix, previously written by net.caffeinemc.mods.lithium.mixin.world.temperature_cache.BiomeMixin. Skipping method.
[21:02:17] [main/WARN]: Error loading class: net/minecraft/class_315 (java.lang.ClassNotFoundException: net/minecraft/class_315)
[21:02:17] [main/WARN]: Error loading class: net/minecraft/class_310 (java.lang.ClassNotFoundException: net/minecraft/class_310)
[21:02:17] [main/WARN]: Error loading class: net/minecraft/class_304 (java.lang.ClassNotFoundException: net/minecraft/class_304)
[21:02:18] [main/INFO]: Vanilla bootstrap took 6926 milliseconds
[21:02:18] [main/INFO]: Setting up compat modules for Accessories!
[21:02:18] [main/INFO]: Registered Trinkets Reloaded Listeners
[21:02:19] [main/INFO]: Registering Mod Items for carved_wood
[21:02:19] [main/INFO]: Registering Mod Blocks for carved_wood
[21:02:19] [main/INFO]: Registering Recipe Serializers for carved_wood
[21:02:19] [main/INFO]: CobbleCuisine >> Loaded config in memory!
[21:02:19] [main/INFO]: CobbleCuisine >> Registering Effects...
[21:02:19] [main/INFO]: CobbleCuisine >> Registering Blocks...
[21:02:19] [main/INFO]: CobbleCuisine >> Registering Items...
[21:02:19] [main/INFO]: CobbleCuisine >> Injecting Loot Tables...
[21:02:19] [main/INFO]: CobbleCuisine >> Up and running! Time spent: 101,45ms
[21:02:19] [main/ERROR]: No data fixer registered for cobbledollars:cobble_merchant
[21:02:20] [main/INFO]: Registering C2S receiver with id cobblefurnies:craft_recipe
[21:02:20] [main/WARN]: Error loading class: net/minecraft/class_465 (java.lang.ClassNotFoundException: net/minecraft/class_465)
[21:02:20] [main/WARN]: Error loading class: net/minecraft/class_465 (java.lang.ClassNotFoundException: net/minecraft/class_465)
[21:02:20] [main/WARN]: Error loading class: net/minecraft/class_1132 (java.lang.ClassNotFoundException: net/minecraft/class_1132)
[21:02:20] [main/WARN]: Error loading class: net/minecraft/class_1132 (java.lang.ClassNotFoundException: net/minecraft/class_1132)
[21:02:20] [main/INFO]: Booting LaxPermissionValidator, permissions will be checked using Minecrafts permission level system, see https://minecraft.fandom.com/wiki/Permission_level
[21:02:20] [main/INFO]: Launching Cobblemon 1.7.1 
[21:02:20] [main/INFO]: Booting FabricPermissionValidator, permissions will be checked using fabric-permissions-api, see https://github.com/lucko/fabric-permissions-api
[21:02:20] [main/ERROR]: No data fixer registered for cobblemon:pokemon
[21:02:20] [main/ERROR]: No data fixer registered for cobblemon:empty_pokeball
[21:02:20] [main/ERROR]: No data fixer registered for cobblemon:boat
[21:02:20] [main/ERROR]: No data fixer registered for cobblemon:chest_boat
[21:02:20] [main/ERROR]: No data fixer registered for cobblemon:poke_bobber
[21:02:20] [main/ERROR]: No data fixer registered for cobblemon:generic_bedrock
[21:02:20] [main/ERROR]: No data fixer registered for cobblemon:npc
[21:02:21] [main/WARN]: Error loading class: net/minecraft/class_746 (java.lang.ClassNotFoundException: net/minecraft/class_746)
[21:02:21] [main/INFO]: Starting the Best Spawner...
[21:02:21] [main/INFO]: Loaded 7 spawning condition types.
[21:02:21] [main/INFO]: Loaded 6 spawnable position types.
[21:02:21] [main/INFO]: Loaded 3 spawn detail types.
[21:02:21] [Cobblemon Showdown/INFO]: Starting showdown service...
[21:02:21] [Cobblemon Showdown/INFO]: Loaded fallback file: .\showdown\data\moves.js
[21:02:21] [Cobblemon Showdown/INFO]: Loaded fallback file: .\showdown\sim\battle-actions.js
[21:02:21] [Cobblemon Showdown/INFO]: Loaded fallback file: .\showdown\sim\pokemons.js
[21:02:21] [Cobblemon Showdown/INFO]: Loaded fallback file: .\showdown\data\abilities.js
[21:02:21] [Cobblemon Showdown/INFO]: Loaded fallback file: .\showdown\sim\side.js
[21:02:21] [Cobblemon Showdown/INFO]: Loaded fallback file: .\showdown\data\conditions.js
[21:02:21] [Cobblemon Showdown/INFO]: Loaded fallback file: .\showdown\index.js
[21:02:21] [Cobblemon Showdown/INFO]: All files are ready!
[21:02:24] [Cobblemon Showdown/INFO]: Showdown has been started!
[21:02:24] [main/INFO]: Note: Cobblemon data registries are only loaded once per server instance as Pokémon species are not safe to reload.
[21:02:24] [main/INFO]: Registered the mega_showdown:showdown/conditions registry
[21:02:24] [main/INFO]: Registered the mega_showdown:showdown/held_items registry
[21:02:24] [main/INFO]: Registered the mega_showdown:showdown/typecharts registry
[21:02:24] [main/INFO]: Registered the mega_showdown:showdown/scripts registry
[21:02:24] [main/INFO]: Registered the cobblemon:molang registry
[21:02:24] [main/INFO]: Registered the cobblemon:species_features registry
[21:02:24] [main/INFO]: Registered the cobblemon:global_species_features registry
[21:02:24] [main/INFO]: Registered the cobblemon:species_feature_assignments registry
[21:02:24] [main/INFO]: Registered the cobblemon:action_effects registry
[21:02:24] [main/INFO]: Registered the cobblemon:moves registry
[21:02:24] [main/INFO]: Registered the cobblemon:abilities registry
[21:02:24] [main/INFO]: Registered the cobblemon:behaviours registry
[21:02:24] [main/INFO]: Registered the cobblemon:species registry
[21:02:24] [main/INFO]: Registered the cobblemon:species_additions registry
[21:02:24] [main/INFO]: Registered the cobblemon:pokeballs registry
[21:02:24] [main/INFO]: Registered the cobblemon:properties_tab_completion registry
[21:02:24] [main/INFO]: Registered the cobblemon:spawn_detail_presets registry
[21:02:24] [main/INFO]: Registered the cobblemon:spawn_rules registry
[21:02:24] [main/INFO]: Registered the cobblemon:mechanics registry
[21:02:24] [main/INFO]: Registered the cobblemon:bag_items registry
[21:02:24] [main/INFO]: Registered the cobblemon:held_items registry
[21:02:24] [main/INFO]: Registered the cobblemon:dialogues registry
[21:02:24] [main/INFO]: Registered the cobblemon:natural_materials registry
[21:02:24] [main/INFO]: Registered the cobblemon:fossils registry
[21:02:24] [main/INFO]: Registered the cobblemon:npc_preset registry
[21:02:24] [main/INFO]: Registered the cobblemon:npc registry
[21:02:24] [main/INFO]: Registered the cobblemon:dex_entries registry
[21:02:24] [main/INFO]: Registered the cobblemon:dex_entry_additions registry
[21:02:24] [main/INFO]: Registered the cobblemon:dexes registry
[21:02:24] [main/INFO]: Registered the cobblemon:dex_additions registry
[21:02:24] [main/INFO]: Registered the cobblemon:cosmetic_items registry
[21:02:24] [main/INFO]: Registered the cobblemon:callbacks registry
[21:02:24] [main/INFO]: Registered the cobblemon:unlockable_pc_box_wallpapers registry
[21:02:24] [main/INFO]: Registered the cobblemon:marks registry
[21:02:24] [main/INFO]: Registered the cobblemon:starters registry
[21:02:24] [main/INFO]: Registered the cobblemon:spawn_pool_world registry
[21:02:24] [main/INFO]: Registered the cobblemon:pokerods registry
[21:02:24] [main/INFO]: Registered the cobblemon:berries registry
[21:02:24] [main/INFO]: Registered the cobblemon:seasonings registry
[21:02:24] [main/INFO]: Registered the cobblemon:pokemon_interactions registry
[21:02:24] [main/INFO]: Registered the cobblemon:spawn_bait_effects registry
[21:02:24] [main/INFO]: Registered the cobblemon:ride_settings registry
[21:02:25] [main/INFO]: Mod compatibility check results: {cobbledollars=true, sophisticatedbackpacks=true, cobblenav=true, travelersbackpack=false, waystones=true}
[21:02:25] [main/INFO]: Detected compatible mod(s) — initializing loot table modifications.
[21:02:25] [main/INFO]: Cobblemon Additions mod initialized successfully.
[21:02:25] [main/INFO]: Registered the cobblenav:biome_platforms registry
[21:02:25] [main/INFO]: Registering items
[21:02:25] [main/INFO]: Registering data components
[21:02:25] [main/INFO]: Registering Mod Items for cozyhome
[21:02:25] [main/WARN]: Error loading class: net/minecraft/class_310 (java.lang.ClassNotFoundException: net/minecraft/class_310)
[21:02:25] [main/WARN]: Error loading class: net/minecraft/class_310 (java.lang.ClassNotFoundException: net/minecraft/class_310)
[21:02:25] [main/INFO]: Registering ModBlocks for cozyhome
[21:02:25] [main/INFO]: Registering block entities for cozyhome
[21:02:25] [main/INFO]: Registering Item Groups for cozyhome
[21:02:25] [main/INFO]: Registering Sounds for cozyhome
[21:02:25] [main/INFO]: Registering Mod Data Components for cozyhome
[21:02:25] [main/INFO]: Enabled 28 bug fixes: [MC-2025, MC-7569, MC-8187, MC-30391, MC-69216, MC-88371, MC-89146, MC-93018, MC-100991, MC-119417, MC-119754, MC-121706, MC-121903, MC-129909, MC-132878, MC-135971, MC-155509, MC-160095, MC-179072, MC-183990, MC-199467, MC-200418, MC-206922, MC-215530, MC-223153, MC-224729, MC-231743, MC-232869]
[21:02:25] [main/INFO]: Successfully Debugify'd your game!
[21:02:25] [main/INFO]: [FANCYMENU] Loading v3.8.1 in server-side mode on FABRIC!
[21:02:25] [main/WARN]: Error loading class: net/minecraft/class_437 (java.lang.ClassNotFoundException: net/minecraft/class_437)
[21:02:25] [main/WARN]: Error loading class: net/minecraft/class_437 (java.lang.ClassNotFoundException: net/minecraft/class_437)
[21:02:26] [main/ERROR]: No data fixer registered for handcrafted
[21:02:26] [main/INFO]: Huge Structure Blocks is now making your structure blocks even bigger!
[21:02:26] [main/INFO]: New structure size = 512
[21:02:26] [main/INFO]: Setting up file watchers
[21:02:26] [main/INFO]: [KONKRETE] Loading v1.9.9 in server-side mode on FABRIC!
[21:02:26] [main/INFO]: ---------------------------
[21:02:26] [main/INFO]: KONKRETE SHIPS AND USES THE FOLLOWING LIBRARIES:
[21:02:26] [main/INFO]:  
[21:02:26] [main/INFO]: Open Imaging Copyright © 2014 Dhyan Blum.
[21:02:26] [main/INFO]: Open Imaging is licensed under Apache-2.0.
[21:02:26] [main/INFO]:  
[21:02:26] [main/INFO]: JsonPath Copyright © 2017 Jayway.
[21:02:26] [main/INFO]: JsonPath is licensed under Apache-2.0.
[21:02:26] [main/INFO]:  
[21:02:26] [main/INFO]: Json-smart Copyright © netplex.
[21:02:26] [main/INFO]: Json-smart is licensed under Apache-2.0.
[21:02:26] [main/INFO]:  
[21:02:26] [main/INFO]: Exp4j Copyright © Frank Asseg.
[21:02:26] [main/INFO]: Exp4j is licensed under Apache-2.0. https://github.com/fasseg/exp4j
[21:02:26] [main/INFO]: ---------------------------
[21:02:26] [main/INFO]: [KONKRETE] Server-side modules initialized and ready to use!
[21:02:26] [main/INFO]: Compression will use Java, encryption will use Java
[21:02:26] [main/INFO]: LumyMon v0.5.1-6 - Made by LUMYVERSE
[21:02:26] [main/INFO]: Registering C2S receiver with id mega_showdown:mega_evo
[21:02:26] [main/INFO]: Registering C2S receiver with id mega_showdown:ultra_burst
[21:02:26] [main/INFO]: Registering C2S receiver with id mega_showdown:secret_sword_move_swap
[21:02:26] [main/INFO]: Registering C2S receiver with id mega_showdown:party_to_pc_interrupt
[21:02:26] [main/WARN]: [MELODY] Disabling Melody since it's loaded server-side.
[21:02:26] [main/INFO]: Registering ModBlocks for moarconcrete
[21:02:26] [main/INFO]: Loading Noisium.
[21:02:26] [main/INFO]: chyzman: No sound or Ender Dragon leakage. Although Ender Dragon sound leakage is still a thing
[21:02:26] [main/INFO]: [Ping-Wheel] Init
[21:02:26] [main/INFO]: [Ping-Wheel] Loaded ServerConfig(defaultChannelMode=auto, playerTrackingEnabled=true, msToRegenerate=1000, rateLimit=5)
[21:02:26] [main/INFO]: Registering ItemGroups for pokeblocks
[21:02:27] [main/INFO]: Registering ModItems for pokeblocks
[21:02:27] [main/INFO]: Registering ModBlocks for pokeblocks
[21:02:27] [main/INFO]: Registering mod entities for pokeblocks
[21:02:27] [main/ERROR]: No data fixer registered for trainer
[21:02:27] [main/ERROR]: No data fixer registered for trainer_association
[21:02:27] [ToggleableConfigWatchService/INFO]: Registering config for libjf-config-core-v2
[21:02:27] [ToggleableConfigWatchService/INFO]: Created config watch service
[21:02:27] [main/INFO]: Registering C2S receiver with id roughlyenoughitems:request_tags_c2s
[21:02:27] [main/INFO]: [REI] Registered plugin provider DefaultPlugin [roughlyenoughitems] for REIPlugin
[21:02:27] [main/INFO]: [REI] Registered plugin provider DefaultRuntimePlugin [roughlyenoughitems] for REIPlugin
[21:02:27] [main/INFO]: [REI] Registered plugin provider REIServerCompat [sophisticatedbackpacks] for REIPlugin
[21:02:27] [main/INFO]: [REI] Registered plugin provider REIServerCompat [sophisticatedcore] for REIPlugin
[21:02:27] [main/INFO]: [REI] Registered plugin provider REIServerCompat [sophisticatedstorage] for REIPlugin
[21:02:27] [main/INFO]: [REI] Registered plugin provider DefaultPlugin [roughlyenoughitems] for REIServerPlugin
[21:02:27] [main/INFO]: [REI] Registered plugin provider DefaultRuntimePlugin [roughlyenoughitems] for REIServerPlugin
[21:02:27] [main/INFO]: [REI] Registered plugin provider REIServerCompat [sophisticatedbackpacks] for REIServerPlugin
[21:02:27] [main/INFO]: [REI] Registered plugin provider REIServerCompat [sophisticatedcore] for REIServerPlugin
[21:02:27] [main/INFO]: [REI] Registered plugin provider REIServerCompat [sophisticatedstorage] for REIServerPlugin
[21:02:27] [main/INFO]: [REI] Registered plugin provider FabricFluidAPISupportPlugin for REIServerPlugin
[21:02:27] [main/INFO]: [REI] Registered plugin provider FabricFluidAPISupportPlugin for REIPlugin
[21:02:27] [main/INFO]: Registering C2S receiver with id roughlyenoughitems:delete_item
[21:02:27] [main/INFO]: Registering C2S receiver with id roughlyenoughitems:create_item
[21:02:27] [main/INFO]: Registering C2S receiver with id roughlyenoughitems:create_item_grab
[21:02:27] [main/INFO]: Registering C2S receiver with id roughlyenoughitems:create_item_hotbar
[21:02:27] [main/INFO]: Registering C2S receiver with id roughlyenoughitems:move_items
[21:02:27] [main/INFO]: Registering C2S receiver with id roughlyenoughitems:move_items_new
[21:02:28] [main/ERROR]: No data fixer registered for 
[21:02:28] [main/INFO]: Creating asynchronous mapping cache executor...
[21:02:28] [Mappings Cache Thread #1/INFO]: Verifying cache of yarn mappings...
[21:02:28] [Mappings Cache Thread #1/INFO]: Refreshing latest yarn build (last refresh was 79 hour(s) ago)...
[21:02:28] [Mappings Cache Thread #1/INFO]: Fetching latest yarn build...
[21:02:28] [Mappings Cache Thread #1/INFO]: Trying to request GET https://maven.fabricmc.net/net/fabricmc/yarn/maven-metadata.xml... (try #0)
[21:02:28] [Mappings Cache Thread #1/INFO]: Received 140348 bytes (137 KB) with status 200 from GET https://maven.fabricmc.net/net/fabricmc/yarn/maven-metadata.xml in 250ms
[21:02:28] [Mappings Cache Thread #1/INFO]: Cached latest yarn build version: 1.21.1+build.3
[21:02:28] [Mappings Cache Thread #1/INFO]: Mappings for yarn build 1.21.1+build.3 are already downloaded
[21:02:28] [Mappings Cache Thread #1/INFO]: Verified cache of yarn mappings (took 322ms)
[21:02:28] [Mappings Cache Thread #1/INFO]: Parsing yarn mappings...
[21:02:28] [Mappings Cache Thread #1/INFO]: Parsed yarn mappings (took 195ms)
[21:02:28] [Mappings Cache Thread #1/INFO]: Caching yarn mappings...
[21:02:29] [Mappings Cache Thread #1/INFO]: Cached yarn mappings (took 66ms)
[21:02:29] [Mappings Cache Thread #1/INFO]: Cached mappings have been built (took 587ms)
[21:02:29] [Mappings Cache Thread #1/INFO]:   Classes: 7535
[21:02:29] [Mappings Cache Thread #1/INFO]:   Methods: 27638
[21:02:29] [Mappings Cache Thread #1/INFO]:   Fields: 32194
[21:02:29] [ForkJoinPool.commonPool-worker-1/INFO]: Shutting down asynchronous mapping cache executor...
[21:02:29] [ForkJoinPool.commonPool-worker-1/INFO]: Injecting into root logger...
[21:02:29] [main/INFO]: Krypton is now accelerating your Minecraft server's networking stack 🚀
[21:02:29] [main/WARN]: Error loading class: net/minecraft/class_437 (java.lang.ClassNotFoundException: net/minecraft/class_437)
[21:02:29] [main/WARN]: Error loading class: net/minecraft/class_437 (java.lang.ClassNotFoundException: net/minecraft/class_437)
[21:02:29] [main/INFO]: Loading Xaero's Minimap - Stage 1/2 (Server)
[21:02:29] [main/INFO]: Loading Xaero's World Map - Stage 1/2 (Server)
[21:02:29] [main/INFO]: Environment: Environment[sessionHost=https://sessionserver.mojang.com, servicesHost=https://api.minecraftservices.com, name=PROD]
[21:02:32] [Worker-Main-3/INFO]: Loading config file lenientdeath.json5
[21:02:32] [Worker-Main-8/INFO]: All Tags to be dealt with: [accessories:back]
[21:02:32] [Worker-Main-8/WARN]: [RuntimeTagModification] Adding Entries from [trinkets:chest/back] to [accessories:back]: 
     [sophisticatedbackpacks:backpack (from sophisticatedbackpacks), sophisticatedbackpacks:copper_backpack (from sophisticatedbackpacks), sophisticatedbackpacks:iron_backpack (from sophisticatedbackpacks), sophisticatedbackpacks:gold_backpack (from sophisticatedbackpacks), sophisticatedbackpacks:diamond_backpack (from sophisticatedbackpacks), sophisticatedbackpacks:netherite_backpack (from sophisticatedbackpacks)]
[21:02:33] [Worker-Main-2/INFO]: Loaded 3 Custom Model Data mappings from Data Packs.
[21:02:33] [main/INFO]: Loaded 5495 recipes
[21:02:34] [main/INFO]: Loaded 4525 advancements
[21:02:34] [main/INFO]: Loaded 10 server scripts and 1 client scripts
[21:02:37] [main/INFO]: Loaded 937 moves
[21:02:37] [main/INFO]: Loaded 323 abilities
[21:02:38] [main/INFO]: Loaded 48 entity behaviours
[21:02:38] [main/INFO]: Finished additions
[21:02:39] [cobblemon Datafixer Bootstrap/INFO]: 4 Datafixer optimizations took 38 milliseconds
[21:02:39] [main/INFO]: Loaded 1025 Pokémon species
[21:02:39] [main/INFO]: Loaded 27 spawn detail presets.
[21:02:40] [main/INFO]: Starting dummy Showdown battle to force it to pre-load data.
[21:02:40] [main/INFO]: Imported 266 held item IDs from showdown
[21:02:40] [main/INFO]: Loaded 18 fossils
[21:02:41] [main/ERROR]: Invalid path in mod resource-pack cobblemon: cobblemon:dex_entry_additions/README.md, ignoring
[21:02:41] [main/ERROR]: Unable to find dex entry cobblemon:floette-eternalflower to add to from dex entry addition cobblemon:floette_eternal
[21:02:41] [main/ERROR]: Invalid path in mod resource-pack cobblemon: cobblemon:dex_additions/README.md, ignoring
[21:02:41] [main/INFO]: Loaded 6 callbacks and 0 client callbacks
[21:02:41] [main/INFO]: Loaded 168 marks
[21:02:41] [main/ERROR]: Unknown preset name: village.
[21:02:41] [main/ERROR]: Unknown preset name: village.
[21:02:41] [main/ERROR]: Unknown preset name: flowers.
[21:02:41] [main/ERROR]: Unknown preset name: flowers.
[21:02:41] [main/ERROR]: Unknown preset name: underwater.
[21:02:41] [main/ERROR]: Unknown preset name: underwater.
[21:02:41] [main/ERROR]: Unknown preset name: underground.
[21:02:41] [main/ERROR]: Unknown preset name: underground.
[21:02:41] [main/ERROR]: Unknown preset name: underground.
[21:02:41] [main/ERROR]: Unknown preset name: underground.
[21:02:41] [main/ERROR]: Unknown preset name: flowers.
[21:02:41] [main/ERROR]: Unknown preset name: underground.
[21:02:41] [main/ERROR]: Unknown preset name: ruins.
[21:02:41] [main/ERROR]: Unknown preset name: underwater.
[21:02:41] [main/ERROR]: Unknown preset name: underwater.
[21:02:41] [main/ERROR]: Unknown preset name: underwater.
[21:02:41] [main/ERROR]: Unknown preset name: underwater.
[21:02:41] [main/ERROR]: Unknown preset name: underwater.
[21:02:41] [main/ERROR]: Unknown preset name: underwater.
[21:02:41] [main/ERROR]: Unknown preset name: water_surface.
[21:02:42] [main/ERROR]: Unknown preset name: water_surface.
[21:02:42] [main/ERROR]: Unknown preset name: water_surface.
[21:02:42] [main/ERROR]: Unknown preset name: underwater.
[21:02:42] [main/ERROR]: Unknown preset name: underwater.
[21:02:42] [main/ERROR]: Unknown preset name: village.
[21:02:42] [main/ERROR]: Unknown preset name: underground.
[21:02:42] [main/ERROR]: Unknown preset name: ruins.
[21:02:42] [main/INFO]: Loaded 70 berries
[21:02:42] [main/INFO]: Loaded 137 Pokémon interaction sets
[21:02:42] [main/INFO]: Loaded 17 biome platforms
[21:02:42] [main/INFO]: Loading configuration
[21:02:42] [main/INFO]: Custom Model Data Mappings are now ready.
[21:02:42] [main/INFO]: [REI] ****************************************
[21:02:42] [main/INFO]: [REI] REIPlugin starting main-reload for START.
[21:02:42] [main/INFO]: [REI] Plugins (6):
[21:02:42] [main/INFO]: [REI]  - (-100,00) DefaultPlugin of DefaultPlugin [roughlyenoughitems]
[21:02:42] [main/INFO]: [REI]  - (0,00) FabricFluidAPISupportPlugin
[21:02:42] [main/INFO]: [REI]  - (0,00) REIServerCompat of REIServerCompat [sophisticatedstorage]
[21:02:42] [main/INFO]: [REI]  - (0,00) REIServerCompat of REIServerCompat [sophisticatedcore]
[21:02:42] [main/INFO]: [REI]  - (0,00) REIServerCompat of REIServerCompat [sophisticatedbackpacks]
[21:02:42] [main/INFO]: [REI]  - (0,00) DefaultRuntimePlugin of DefaultRuntimePlugin [roughlyenoughitems]
[21:02:42] [main/INFO]: [REI] ****************************************
[21:02:42] [main/INFO]: [REI] OOOOOOOOOOOOOOOOOOOOOOOOOOOOOOOOOOOOOOOO
[21:02:42] [main/INFO]: [REI] REIServerPlugin starting main-reload for START.
[21:02:42] [main/INFO]: [REI] Plugins (6):
[21:02:42] [main/INFO]: [REI]  - (-100,00) DefaultPlugin of DefaultPlugin [roughlyenoughitems]
[21:02:42] [main/INFO]: [REI]  - (0,00) FabricFluidAPISupportPlugin
[21:02:42] [main/INFO]: [REI]  - (0,00) REIServerCompat of REIServerCompat [sophisticatedstorage]
[21:02:42] [main/INFO]: [REI]  - (0,00) REIServerCompat of REIServerCompat [sophisticatedcore]
[21:02:42] [main/INFO]: [REI]  - (0,00) REIServerCompat of REIServerCompat [sophisticatedbackpacks]
[21:02:42] [main/INFO]: [REI]  - (0,00) DefaultRuntimePlugin of DefaultRuntimePlugin [roughlyenoughitems]
[21:02:42] [main/INFO]: [REI] OOOOOOOOOOOOOOOOOOOOOOOOOOOOOOOOOOOOOOOO
[21:02:42] [main/INFO]: [REI] REIPlugin finished post-reload for START in 1.834 ms, totaling 117.0 ms.
[21:02:42] [main/INFO]: [REI] REIServerPlugin finished post-reload for START in 873.0 μs, totaling 9.819 ms.
[21:02:42] [main/INFO]: [REI] ++++++++++++++++++++++++++++++++++++++++
[21:02:42] [main/INFO]: [REI] REIPlugin starting main-reload for END.
[21:02:42] [main/INFO]: [REI] Plugins (6):
[21:02:42] [main/INFO]: [REI]  - (-100,00) DefaultPlugin of DefaultPlugin [roughlyenoughitems]
[21:02:42] [main/INFO]: [REI]  - (0,00) FabricFluidAPISupportPlugin
[21:02:42] [main/INFO]: [REI]  - (0,00) REIServerCompat of REIServerCompat [sophisticatedstorage]
[21:02:42] [main/INFO]: [REI]  - (0,00) REIServerCompat of REIServerCompat [sophisticatedcore]
[21:02:42] [main/INFO]: [REI]  - (0,00) REIServerCompat of REIServerCompat [sophisticatedbackpacks]
[21:02:42] [main/INFO]: [REI]  - (0,00) DefaultRuntimePlugin of DefaultRuntimePlugin [roughlyenoughitems]
[21:02:42] [main/INFO]: [REI] ++++++++++++++++++++++++++++++++++++++++
[21:02:42] [main/INFO]: [REI] ----------------------------------------
[21:02:42] [main/INFO]: [REI] REIServerPlugin starting main-reload for END.
[21:02:42] [main/INFO]: [REI] Plugins (6):
[21:02:42] [main/INFO]: [REI]  - (-100,00) DefaultPlugin of DefaultPlugin [roughlyenoughitems]
[21:02:42] [main/INFO]: [REI]  - (0,00) FabricFluidAPISupportPlugin
[21:02:42] [main/INFO]: [REI]  - (0,00) REIServerCompat of REIServerCompat [sophisticatedstorage]
[21:02:42] [main/INFO]: [REI]  - (0,00) REIServerCompat of REIServerCompat [sophisticatedcore]
[21:02:42] [main/INFO]: [REI]  - (0,00) REIServerCompat of REIServerCompat [sophisticatedbackpacks]
[21:02:42] [main/INFO]: [REI]  - (0,00) DefaultRuntimePlugin of DefaultRuntimePlugin [roughlyenoughitems]
[21:02:42] [main/INFO]: [REI] ----------------------------------------
[21:02:42] [main/INFO]: [REI] REIPlugin finished post-reload for END in 692.5 μs, totaling 49.02 ms.
[21:02:42] [main/INFO]: [REI] REIServerPlugin finished post-reload for END in 1.013 ms, totaling 10.08 ms.
[21:02:42] [ForkJoinPool.commonPool-worker-1/INFO]: Loaded 48 translation keys
[21:02:42] [main/INFO]: Loaded 1 trades
[21:02:42] [main/WARN]: Not all defined tags for registry ResourceKey[minecraft:root / minecraft:item] are present in data pack: cobblemon:mint_leaf, mega_showdown:rotom_appliances
[21:02:42] [main/WARN]: [BiomeReplacer] Config issue on line 9: Biome 'terralith:alpha_islands' does not exist, ignoring rule
[21:02:42] [main/WARN]: [BiomeReplacer] Config issue on line 10: Biome 'terralith:alpha_islands_winter' does not exist, ignoring rule
[21:02:42] [main/WARN]: [BiomeReplacer] Config issue on line 11: Biome 'terralith:basalt_cliffs' does not exist, ignoring rule
[21:02:42] [main/WARN]: [BiomeReplacer] Config issue on line 12: Biome 'terralith:cave/infested_caves' does not exist, ignoring rule
[21:02:42] [main/WARN]: [BiomeReplacer] Config issue on line 13: Biome 'terralith:cave/mantle_caves' does not exist, ignoring rule
[21:02:42] [main/WARN]: [BiomeReplacer] Config issue on line 14: Biome 'terralith:cave/thermal_caves' does not exist, ignoring rule
[21:02:42] [main/WARN]: [BiomeReplacer] Config issue on line 15: Biome 'terralith:cave/tuff_caves' does not exist, ignoring rule
[21:02:42] [main/WARN]: [BiomeReplacer] Config issue on line 16: Biome 'terralith:cold_shrubland' does not exist, ignoring rule
[21:02:42] [main/WARN]: [BiomeReplacer] Config issue on line 17: Biome 'terralith:desert_spires' does not exist, ignoring rule
[21:02:42] [main/WARN]: [BiomeReplacer] Config issue on line 18: Biome 'terralith:emerald_peaks' does not exist, ignoring rule
[21:02:42] [main/WARN]: [BiomeReplacer] Config issue on line 19: Biome 'terralith:fractured_savanna' does not exist, ignoring rule
[21:02:42] [main/WARN]: [BiomeReplacer] Config issue on line 20: Biome 'terralith:frozen_cliffs' does not exist, ignoring rule
[21:02:42] [main/WARN]: [BiomeReplacer] Config issue on line 21: Biome 'terralith:granite_cliffs' does not exist, ignoring rule
[21:02:42] [main/WARN]: [BiomeReplacer] Config issue on line 22: Biome 'terralith:gravel_desert' does not exist, ignoring rule
[21:02:42] [main/WARN]: [BiomeReplacer] Config issue on line 23: Biome 'terralith:haze_mountain' does not exist, ignoring rule
[21:02:42] [main/WARN]: [BiomeReplacer] Config issue on line 24: Biome 'terralith:highlands' does not exist, ignoring rule
[21:02:42] [main/WARN]: [BiomeReplacer] Config issue on line 25: Biome 'terralith:hot_shrubland' does not exist, ignoring rule
[21:02:42] [main/WARN]: [BiomeReplacer] Config issue on line 26: Biome 'terralith:jungle_mountains' does not exist, ignoring rule
[21:02:42] [main/WARN]: [BiomeReplacer] Config issue on line 27: Biome 'terralith:painted_mountains' does not exist, ignoring rule
[21:02:42] [main/WARN]: [BiomeReplacer] Config issue on line 28: Biome 'terralith:rocky_shrubland' does not exist, ignoring rule
[21:02:42] [main/WARN]: [BiomeReplacer] Config issue on line 29: Biome 'terralith:savanna_badlands' does not exist, ignoring rule
[21:02:42] [main/WARN]: [BiomeReplacer] Config issue on line 30: Biome 'terralith:scarlet_mountains' does not exist, ignoring rule
[21:02:42] [main/WARN]: [BiomeReplacer] Config issue on line 31: Biome 'terralith:shield_clearing' does not exist, ignoring rule
[21:02:42] [main/WARN]: [BiomeReplacer] Config issue on line 32: Biome 'terralith:skylands_autumn' does not exist, ignoring rule
[21:02:42] [main/WARN]: [BiomeReplacer] Config issue on line 33: Biome 'terralith:skylands_spring' does not exist, ignoring rule
[21:02:42] [main/WARN]: [BiomeReplacer] Config issue on line 34: Biome 'terralith:skylands_summer' does not exist, ignoring rule
[21:02:42] [main/WARN]: [BiomeReplacer] Config issue on line 35: Biome 'terralith:skylands_winter' does not exist, ignoring rule
[21:02:42] [main/WARN]: [BiomeReplacer] Config issue on line 36: Biome 'terralith:snowy_maple_forest' does not exist, ignoring rule
[21:02:42] [main/WARN]: [BiomeReplacer] Config issue on line 37: Biome 'terralith:stony_spires' does not exist, ignoring rule
[21:02:42] [main/WARN]: [BiomeReplacer] Config issue on line 38: Biome 'terralith:tropical_jungle' does not exist, ignoring rule
[21:02:42] [main/WARN]: [BiomeReplacer] Config issue on line 39: Biome 'terralith:warped_mesa' does not exist, ignoring rule
[21:02:42] [main/WARN]: [BiomeReplacer] Config issue on line 40: Biome 'terralith:white_mesa' does not exist, ignoring rule
[21:02:42] [main/WARN]: [BiomeReplacer] Config issue on line 41: Biome 'terralith:windswept_spires' does not exist, ignoring rule
[21:02:42] [main/WARN]: [BiomeReplacer] Config issue on line 42: Biome 'terralith:wintry_lowlands' does not exist, ignoring rule
[21:02:42] [main/WARN]: [BiomeReplacer] Config issue on line 43: Biome 'terralith:yellowstone' does not exist, ignoring rule
[21:02:42] [main/INFO]: [BiomeReplacer] Loaded 0 rules (0 direct, 0 tag-based) and ignored 35
[21:02:42] [main/INFO]: [BiomeReplacer] No rules found, not replacing anything
[21:02:42] [main/WARN]: Initial datapack load took 13.25 s
[21:02:42] [main/INFO]: Applied 863 biome modifications to 64 of 64 new biomes in 34.09 ms
[21:02:43] [Server thread/INFO]: Loading default shop config...
[21:02:43] [Server thread/INFO]: Default shop config loaded!
[21:02:43] [Server thread/INFO]: Loading bank config...
[21:02:43] [Server thread/INFO]: Bank config loaded!
[21:02:43] [Server thread/WARN]: Error loading class: com/github/d0ctorleon/mythsandlegends/cobblemon/spawning/condition/item/KeyItemCondition (java.lang.ClassNotFoundException: com/github/d0ctorleon/mythsandlegends/cobblemon/spawning/condition/item/KeyItemCondition)
[21:02:43] [Server thread/INFO]: Registered 8 collectors and 4 block collectors
[21:02:43] [Server thread/INFO]: MobsBeGone >> Total Entity Types: 145 | Bit Array Size: 3 longs / 192 bits | Blacklisted Entities: 80
[21:02:43] [Server thread/INFO]: MobsBeGone >> Up and running!
[21:02:43] [Server thread/INFO]: Starting minecraft server version 1.21.1
[21:02:43] [Server thread/INFO]: Loading properties
[21:02:43] [Server thread/INFO]: Default game type: SURVIVAL
[21:02:43] [Server thread/INFO]: Generating keypair
[21:02:43] [Server thread/INFO]: Starting Minecraft server on *:25565
[21:02:43] [Server thread/INFO]: Using default channel type
[21:02:43] [Server thread/INFO]: Preparing level "world"
[21:02:44] [Server thread/INFO]: Preparing start region for dimension minecraft:overworld
[21:02:44] [Server thread/WARN]: Method overwrite conflict for removeIf in modernfix-common.mixins.json:bugfix.paper_chunk_patches.SortedArraySetMixin from mod modernfix, previously written by net.caffeinemc.mods.lithium.mixin.collections.chunk_tickets.SortedArraySetMixin. Skipping method.
[21:02:44] [Worker-Main-10/INFO]: Preparing spawn area: 0%
[21:02:44] [Server thread/INFO]: Time elapsed: 492 ms
[21:02:44] [Server thread/INFO]: Done (0.929s)! For help, type "help"
[21:02:44] [Server thread/WARN]: Dedicated server took 51.475 seconds to load
[21:02:44] [Server thread/INFO]: Optimizing spawn pools...
[21:02:44] [Server thread/INFO]: Loading Xaero's Minimap - Stage 2/2 (Server)
[21:02:44] [Server thread/INFO]: Loading Xaero's World Map - Stage 2/2 (Server)
[21:02:44] [Server thread/INFO]: Data pack initialized: rctmod
[21:02:44] [Server thread/INFO]: Data pack initialized: COBBLEVERSE-RCT-DP-v14.zip
[21:02:54] [Server thread/INFO]: Registered 1664 trainers
[21:02:54] [Server thread/WARN]: Can't keep up! Is the server overloaded? Running 9355ms or 187 ticks behind
[21:03:48] [User Authenticator #1/INFO]: UUID of player hvossanz is a6cacb26-578a-4f7b-8b6b-dc6ce1dedc55
[21:03:50] [Server thread/INFO]: [STDOUT]: Lithium Cached BlockState Flags are disabled!
[21:03:50] [Server thread/INFO]: hvossanz[/192.168.100.129:62492] logged in with entity id 3 at (-3034.199025149096, 81.0, 2003.7233873898867)
[21:03:50] [Server thread/INFO]: Sending server config values to client
[21:03:50] [Server thread/INFO]: hvossanz joined the game
[21:03:51] [Server thread/INFO]: Registered trainer player: hvossanz
[21:03:52] [Server thread/WARN]: Can't keep up! Is the server overloaded? Running 2807ms or 56 ticks behind
[21:03:54] [Server thread/WARN]: Error loading class: net/minecraft/class_638 (java.lang.ClassNotFoundException: net/minecraft/class_638)
[21:03:54] [Server thread/WARN]: Error loading class: net/minecraft/class_638 (java.lang.ClassNotFoundException: net/minecraft/class_638)
[21:03:54] [Server thread/WARN]: Error loading class: net/minecraft/class_1043 (java.lang.ClassNotFoundException: net/minecraft/class_1043)
[21:03:55] [Server thread/INFO]: Channel update: hvossanz -> default
[21:03:55] [Server thread/INFO]: Receiving client config
[21:03:57] [Server thread/INFO]: [FANCYMENU] A client with FancyMenu installed joined the server: hvossanz
[21:05:37] [Server thread/WARN]: Entity PokemonEntity['Sceptile'/17569, l='ServerLevel[world]', x=-2976.11, y=64.00, z=2060.14, removed=DISCARDED] wasn't found in section class_4076{x=-187, y=4, z=128} (destroying due to DISCARDED)
[21:07:08] [Server thread/WARN]: Entity PokemonEntity['Luxray'/17730, l='ServerLevel[world]', x=-2936.35, y=66.00, z=2079.54, removed=DISCARDED] wasn't found in section class_4076{x=-184, y=4, z=129} (destroying due to DISCARDED)
[21:09:59] [Server thread/INFO]: No battle could be found with the id: 990eaf11-9d69-4c84-bc52-f87894b9cb70
[21:09:59] [Server thread/INFO]: No battle could be found with the id: 990eaf11-9d69-4c84-bc52-f87894b9cb70
[21:09:59] [Server thread/INFO]: hvossanz lost connection: Disconnected
[21:09:59] [Server thread/INFO]: hvossanz left the game
[21:09:59] [Server thread/INFO]: Unregistered trainer player: hvossanz
[21:11:12] [User Authenticator #2/INFO]: UUID of player hvossanz is a6cacb26-578a-4f7b-8b6b-dc6ce1dedc55
[21:11:14] [Server thread/INFO]: hvossanz[/192.168.100.129:61553] logged in with entity id 127763 at (-2961.8624745169545, 65.0, 1971.300000011921)
[21:11:14] [Server thread/INFO]: Sending server config values to client
[21:11:14] [Server thread/INFO]: hvossanz joined the game
[21:11:14] [Server thread/INFO]: Registered trainer player: hvossanz
[21:11:14] [Server thread/WARN]: Player 'hvossanz' is not in a battle
[21:11:15] [Server thread/INFO]: No battle could be found with the id: ed44042e-7d69-4dda-944a-f8cebfc9cbea
[21:11:15] [Server thread/INFO]: No battle could be found with the id: ed44042e-7d69-4dda-944a-f8cebfc9cbea
[21:11:15] [Server thread/INFO]: hvossanz lost connection: Disconnected
[21:11:15] [Server thread/INFO]: hvossanz left the game
[21:11:15] [Server thread/INFO]: Unregistered trainer player: hvossanz
[21:11:29] [User Authenticator #3/INFO]: UUID of player hvossanz is a6cacb26-578a-4f7b-8b6b-dc6ce1dedc55
[21:11:30] [Server thread/INFO]: hvossanz[/192.168.100.129:63112] logged in with entity id 128079 at (-2961.8624745169545, 65.0, 1971.300000011921)
[21:11:30] [Server thread/INFO]: Sending server config values to client
[21:11:30] [Server thread/INFO]: hvossanz joined the game
[21:11:30] [Server thread/INFO]: Registered trainer player: hvossanz
[21:11:31] [Server thread/WARN]: Player 'hvossanz' is not in a battle
[21:11:31] [Server thread/INFO]: Channel update: hvossanz -> default
[21:11:31] [Server thread/INFO]: Receiving client config
[21:11:31] [Server thread/INFO]: [FANCYMENU] A client with FancyMenu installed joined the server: hvossanz
[21:13:17] [Server thread/WARN]: Entity PokemonEntity['Gholdengo'/148746, l='ServerLevel[world]', x=-2968.44, y=64.00, z=1952.31, removed=KILLED] wasn't found in section class_4076{x=-186, y=4, z=122} (destroying due to DISCARDED)
[21:13:47] [Server thread/WARN]: Entity PokemonEntity['Cinderace'/157137, l='ServerLevel[world]', x=-2968.42, y=64.00, z=1952.09, removed=KILLED] wasn't found in section class_4076{x=-186, y=4, z=122} (destroying due to DISCARDED)
[21:14:20] [Server thread/WARN]: Entity PokemonEntity['Sceptile'/165004, l='ServerLevel[world]', x=-2968.78, y=64.00, z=1952.55, removed=KILLED] wasn't found in section class_4076{x=-186, y=4, z=122} (destroying due to DISCARDED)
[21:15:01] [Server thread/WARN]: Entity PokemonEntity['Corviknight'/174553, l='ServerLevel[world]', x=-2969.50, y=64.00, z=1953.47, removed=KILLED] wasn't found in section class_4076{x=-186, y=4, z=122} (destroying due to DISCARDED)
[21:15:51] [Server thread/WARN]: Entity PokemonEntity['Dreepy'/186253, l='ServerLevel[world]', x=-2968.27, y=64.81, z=1952.09, removed=KILLED] wasn't found in section class_4076{x=-186, y=4, z=122} (destroying due to DISCARDED)
[21:16:28] [Server thread/WARN]: Entity PokemonEntity['Gholdengo'/199836, l='ServerLevel[world]', x=-2968.44, y=64.00, z=1952.31, removed=KILLED] wasn't found in section class_4076{x=-186, y=4, z=122} (destroying due to DISCARDED)
[21:17:15] [Server thread/WARN]: Entity PokemonEntity['Luxray'/210407, l='ServerLevel[world]', x=-3040.52, y=82.00, z=1999.30, removed=DISCARDED] wasn't found in section class_4076{x=-191, y=5, z=124} (destroying due to DISCARDED)
[21:17:36] [Server thread/WARN]: Entity PokemonEntity['Sceptile'/229465, l='ServerLevel[world]', x=-3032.82, y=81.00, z=1995.24, removed=DISCARDED] wasn't found in section class_4076{x=-190, y=5, z=124} (destroying due to DISCARDED)
[21:17:40] [Server thread/WARN]: Entity PokemonEntity['Gholdengo'/231155, l='ServerLevel[world]', x=-3032.65, y=81.00, z=1996.02, removed=DISCARDED] wasn't found in section class_4076{x=-190, y=5, z=124} (destroying due to DISCARDED)
[21:17:49] [Server thread/WARN]: Entity PokemonEntity['Luxray'/233784, l='ServerLevel[world]', x=-3032.87, y=81.00, z=1995.77, removed=DISCARDED] wasn't found in section class_4076{x=-190, y=5, z=124} (destroying due to DISCARDED)
[21:17:53] [Server thread/WARN]: Entity PokemonEntity['Cinderace'/235097, l='ServerLevel[world]', x=-3032.19, y=81.00, z=1994.91, removed=DISCARDED] wasn't found in section class_4076{x=-190, y=5, z=124} (destroying due to DISCARDED)
[21:19:22] [Server thread/INFO]: Set the weather to clear
[21:20:08] [Server thread/WARN]: Entity PokemonEntity['Luxray'/242540, l='ServerLevel[world]', x=-3157.10, y=73.00, z=2008.07, removed=DISCARDED] wasn't found in section class_4076{x=-198, y=4, z=125} (destroying due to DISCARDED)
[21:20:38] [Server thread/WARN]: Entity PokemonEntity['Cinderace'/272721, l='ServerLevel[world]', x=-2991.48, y=63.00, z=1935.13, removed=DISCARDED] wasn't found in section class_4076{x=-187, y=3, z=120} (destroying due to DISCARDED)
[21:26:26] [Server thread/WARN]: Entity PokemonEntity['Cinderace'/280150, l='ServerLevel[world]', x=-2908.50, y=64.00, z=2137.50, removed=DISCARDED] wasn't found in section class_4076{x=-182, y=4, z=133} (destroying due to DISCARDED)
[21:26:29] [Server thread/WARN]: Entity PokemonEntity['Cinderace'/427578, l='ServerLevel[world]', x=-2916.50, y=65.00, z=2151.50, removed=DISCARDED] wasn't found in section class_4076{x=-183, y=4, z=134} (destroying due to DISCARDED)
[21:28:10] [Server thread/WARN]: Entity PokemonEntity['Luxray'/440340, l='ServerLevel[world]', x=-2888.38, y=44.00, z=2225.88, removed=DISCARDED] wasn't found in section class_4076{x=-181, y=2, z=139} (destroying due to DISCARDED)
[21:33:33] [Server thread/WARN]: hvossanz moved too quickly! -83.00345768125499,28.5,-127.73433743061469
[21:33:33] [Server thread/WARN]: hvossanz moved too quickly! -83.00345768125499,28.5,-127.73433743061469
[21:33:38] [Server thread/WARN]: Entity PokemonEntity['Corviknight'/600030, l='ServerLevel[world]', x=-2993.90, y=64.00, z=2139.68, removed=DISCARDED] wasn't found in section class_4076{x=-188, y=4, z=133} (destroying due to DISCARDED)
[21:34:08] [Server thread/WARN]: Entity PokemonEntity['Corviknight'/609375, l='ServerLevel[world]', x=-2948.10, y=64.00, z=2066.58, removed=DISCARDED] wasn't found in section class_4076{x=-185, y=4, z=129} (destroying due to DISCARDED)
[21:34:34] [Server thread/INFO]: hvossanz lost connection: Disconnected
[21:34:34] [Server thread/INFO]: hvossanz left the game
[21:34:34] [Server thread/INFO]: Unregistered trainer player: hvossanz
